UDLR
FR.........RF
R...........R
......F......
.....FIF.....
......F......
R...........R
FR.........RF